student@T13:~$ mkdir AJCE
student@T13:~$ cd AJCE
student@T13:~/AJCE$ mkdir MCA
student@T13:~/AJCE$ cd MCA
student@T13:~/AJCE/MCA$ mkdir RMCA
student@T13:~/AJCE/MCA$ mkdir LMCA
student@T13:~/AJCE/MCA$ mkdir IMCA
student@T13:~/AJCE/MCA$ CD RMCA
CD: command not found
student@T13:~/AJCE/MCA$ cd RMCA
student@T13:~/AJCE/MCA/RMCA$ cd ..
student@T13:~/AJCE/MCA$ pwd
/home/student/AJCE/MCA
student@T13:~/AJCE/MCA$ cd ~
student@T13:~$ cd RMCA
bash: cd: RMCA: No such file or directory
student@T13:~$ cd AJCE
student@T13:~/AJCE$ cd MCA
student@T13:~/AJCE/MCA$ cd RMCA
student@T13:~/AJCE/MCA/RMCA$ CD /
CD: command not found
student@T13:~/AJCE/MCA/RMCA$ cd /
student@T13:/$ cd AJCE
bash: cd: AJCE: No such file or directory
student@T13:/$ cd AJCE
bash: cd: AJCE: No such file or directory
student@T13:/$ cd ~
student@T13:~$ cd AJCE
student@T13:~/AJCE$ cd MCA
student@T13:~/AJCE/MCA$ cd RMCA
student@T13:~/AJCE/MCA/RMCA$ cd /
student@T13:/$ cd ~
student@T13:~$ cd AJCE
student@T13:~/AJCE$ cd MCA
student@T13:~/AJCE/MCA$ cd ..
student@T13:~/AJCE$ cd MCA
student@T13:~/AJCE/MCA$ ls
IMCA  LMCA  RMCA
student@T13:~/AJCE/MCA$ ls -l
total 12
drwxr-xr-x 2 student student 4096 Jan 31 20:05 IMCA
drwxr-xr-x 2 student student 4096 Jan 31 20:05 LMCA
drwxr-xr-x 2 student student 4096 Jan 31 20:05 RMCA
student@T13:~/AJCE/MCA$ ls>out.txt
student@T13:~/AJCE/MCA$ is AJCE/MCA
is: command not found
student@T13:~/AJCE/MCA$ cd ..
student@T13:~/AJCE$ ls AJCE/MCA
ls: cannot access 'AJCE/MCA': No such file or directory
student@T13:~/AJCE$ cd ~
student@T13:~$ cd AJCE
student@T13:~/AJCE$ cd MCA
student@T13:~/AJCE/MCA$ ls AJCE/MCA
ls: cannot access 'AJCE/MCA': No such file or directory
student@T13:~/AJCE/MCA$ ls
IMCA  LMCA  out.txt  RMCA
student@T13:~/AJCE/MCA$ ls >out1.txt
student@T13:~/AJCE/MCA$ ls -l
total 20
drwxr-xr-x 2 student student 4096 Jan 31 20:05 IMCA
drwxr-xr-x 2 student student 4096 Jan 31 20:05 LMCA
-rw-r--r-- 1 student student   32 Jan 31 20:29 out1.txt
-rw-r--r-- 1 student student   23 Jan 31 20:25 out.txt
drwxr-xr-x 2 student student 4096 Jan 31 20:05 RMCA
student@T13:~/AJCE/MCA$ ls -a
.  ..  IMCA  LMCA  out1.txt  out.txt  RMCA
student@T13:~/AJCE/MCA$ ls -t
out1.txt  out.txt  IMCA  LMCA  RMCA
student@T13:~/AJCE/MCA$ ls -s
total 20
4 IMCA  4 LMCA  4 out1.txt  4 out.txt  4 RMCA
student@T13:~/AJCE/MCA$ ls *
out1.txt  out.txt

IMCA:

LMCA:

RMCA:
student@T13:~/AJCE/MCA$ cd..
cd..: command not found
student@T13:~/AJCE/MCA$ cd..
cd..: command not found
student@T13:~/AJCE/MCA$ cd/
bash: cd/: No such file or directory
student@T13:~/AJCE/MCA$ cd ..
student@T13:~/AJCE$ ls *
IMCA  LMCA  out1.txt  out.txt  RMCA
student@T13:~/AJCE$ ls -r
MCA
student@T13:~/AJCE$ ls -d */
MCA/
student@T13:~/AJCE$ ls -d $pwd /*
/bin    /etc             /lib         /mnt   /run   /sys  /vmlinuz
/boot   /home            /lib64       /opt   /sbin  /tmp  /vmlinuz.old
/cdrom  /initrd.img      /lost+found  /proc  /snap  /usr
/dev    /initrd.img.old  /media       /root  /srv   /var
student@T13:~/AJCE$ ls -d $pwd / *
/  MCA
student@T13:~/AJCE$ cd MCA
student@T13:~/AJCE/MCA$ ls -d $pwd / *
/  IMCA  LMCA  out1.txt  out.txt  RMCA
student@T13:~/AJCE/MCA$ pwd
/home/student/AJCE/MCA
student@T13:~/AJCE/MCA$ ls /
bin    dev   initrd.img      lib64       mnt   root  snap  tmp  vmlinuz
boot   etc   initrd.img.old  lost+found  opt   run   srv   usr  vmlinuz.old
cdrom  home  lib             media       proc  sbin  sys   var
student@T13:~/AJCE/MCA$ ls/
bash: ls/: No such file or directory
student@T13:~/AJCE/MCA$ ls ~
AJCE     Documents         Music     PycharmProjects  Videos
aryab    Downloads         Pictures  snap
Desktop  examples.desktop  Public    Templates
student@T13:~/AJCE/MCA$ cd..
cd..: command not found
student@T13:~/AJCE/MCA$ cd ..
student@T13:~/AJCE$ ls ~
AJCE     Documents         Music     PycharmProjects  Videos
aryab    Downloads         Pictures  snap
Desktop  examples.desktop  Public    Templates
student@T13:~/AJCE$ ls ..
AJCE     Documents         Music     PycharmProjects  Videos
aryab    Downloads         Pictures  snap
Desktop  examples.desktop  Public    Templates
student@T13:~/AJCE$ ls -a
.  ..  MCA
student@T13:~/AJCE$ ls
MCA
student@T13:~/AJCE$ ls -t
MCA
student@T13:~/AJCE$ cd MCA
student@T13:~/AJCE/MCA$ ls
IMCA  LMCA  out1.txt  out.txt  RMCA
student@T13:~/AJCE/MCA$ ls -t
out1.txt  out.txt  IMCA  LMCA  RMCA
student@T13:~/AJCE/MCA$ ls>op.txt
student@T13:~/AJCE/MCA$ ls -t
op.txt  out1.txt  out.txt  IMCA  LMCA  RMCA
student@T13:~/AJCE/MCA$ cd RMCA
student@T13:~/AJCE/MCA/RMCA$ ls>arya.txt
student@T13:~/AJCE/MCA/RMCA$ ls>dona.txt
student@T13:~/AJCE/MCA/RMCA$ ls>asha.txt
student@T13:~/AJCE/MCA/RMCA$ ls>arjun.txt
student@T13:~/AJCE/MCA/RMCA$ ls>mary.txt
student@T13:~/AJCE/MCA/RMCA$ ls -t
mary.txt  arjun.txt  asha.txt  dona.txt  arya.txt
student@T13:~/AJCE/MCA/RMCA$ ls
arjun.txt  arya.txt  asha.txt  dona.txt  mary.txt
student@T13:~/AJCE/MCA/RMCA$ ls -d * /
/  arjun.txt  arya.txt  asha.txt  dona.txt  mary.txt
student@T13:~/AJCE/MCA/RMCA$ ls -d $pwd / *
/  arjun.txt  arya.txt  asha.txt  dona.txt  mary.txt
student@T13:~/AJCE/MCA/RMCA$ cd..
cd..: command not found
student@T13:~/AJCE/MCA/RMCA$ cd ..
student@T13:~/AJCE/MCA$ ls -d * /
/  IMCA  LMCA  op.txt  out1.txt  out.txt  RMCA
student@T13:~/AJCE/MCA$ ls -d*/
ls: invalid option -- '*'
Try 'ls --help' for more information.
student@T13:~/AJCE/MCA$ ls -d * /
/  IMCA  LMCA  op.txt  out1.txt  out.txt  RMCA
student@T13:~/AJCE/MCA$ ls -d */
IMCA/  LMCA/  RMCA/
student@T13:~/AJCE/MCA$ man ls
student@T13:~/AJCE/MCA$ ls
IMCA  LMCA  op.txt  out1.txt  out.txt  RMCA
student@T13:~/AJCE/MCA$ ls -a
.  ..  IMCA  LMCA  op.txt  out1.txt  out.txt  RMCA
student@T13:~/AJCE/MCA$ cd ~
student@T13:~$ ls
AJCE     Documents         Music     PycharmProjects  Videos
aryab    Downloads         Pictures  snap
Desktop  examples.desktop  Public    Templates
student@T13:~$ ls -a
.              .bashrc    examples.desktop  Music             snap
..             .cache     .gnupg            Pictures          .ssh
AJCE           .config    .ICEauthority     .profile          Templates
aryab          Desktop    .java             Public            .thunderbird
.bash_history  Documents  .local            .PyCharmCE2018.3  Videos
.bash_logout   Downloads  .mozilla          PycharmProjects
student@T13:~$ ls -l
total 60
drwxr-xr-x 3 student student 4096 Jan 31 20:03 AJCE
drwxr-xr-x 2 student student 4096 Jan 29 20:21 aryab
drwxr-xr-x 2 student student 4096 Jan 28 18:41 Desktop
drwxr-xr-x 2 student student 4096 Nov 23 12:56 Documents
drwxr-xr-x 2 student student 4096 Nov 23 10:25 Downloads
-rw-r--r-- 1 student student 8980 Nov 23 10:24 examples.desktop
drwxr-xr-x 2 student student 4096 Nov 23 10:25 Music
drwxr-xr-x 2 student student 4096 Nov 26 16:50 Pictures
drwxr-xr-x 2 student student 4096 Nov 23 10:25 Public
drwxrwxr-x 3 student student 4096 Nov 26 15:09 PycharmProjects
drwxr-xr-x 4 student student 4096 Nov 26 16:46 snap
drwxr-xr-x 2 student student 4096 Nov 23 10:25 Templates
drwxr-xr-x 2 student student 4096 Nov 23 10:25 Videos
student@T13:~$ cd AJCE
student@T13:~/AJCE$ ls -l
total 4
drwxr-xr-x 5 student student 4096 Jan 31 20:43 MCA
student@T13:~/AJCE$ cd MCA
student@T13:~/AJCE/MCA$ ls -l
total 24
drwxr-xr-x 2 student student 4096 Jan 31 20:05 IMCA
drwxr-xr-x 2 student student 4096 Jan 31 20:05 LMCA
-rw-r--r-- 1 student student   39 Jan 31 20:43 op.txt
-rw-r--r-- 1 student student   32 Jan 31 20:29 out1.txt
-rw-r--r-- 1 student student   23 Jan 31 20:25 out.txt
drwxr-xr-x 2 student student 4096 Jan 31 20:44 RMCA
student@T13:~/AJCE/MCA$ LS -T

Command 'LS' not found, but can be installed with:

apt install sl
Please ask your administrator.

student@T13:~/AJCE/MCA$ ls -t
RMCA  op.txt  out1.txt  out.txt  IMCA  LMCA
student@T13:~/AJCE/MCA$ ls -s
total 24
4 IMCA  4 LMCA  4 op.txt  4 out1.txt  4 out.txt  4 RMCA
student@T13:~/AJCE/MCA$ 

